// Jest Snapshot v1, https://goo.gl/fbAQLP

exports[`renders correctly 1`] = `
<div
  className="wrapper"
>
  <input
    onChange={[Function]}
    onKeyPress={[Function]}
    type="text"
    value=""
  />
  <ul
    className="list"
  >
    <li>
      <div>
        <input
          checked={false}
          onClick={[Function]}
          type="checkbox"
        />
        <span>
          foo
        </span>
      </div>
    </li>
    <li>
      <div>
        <input
          checked={false}
          onClick={[Function]}
          type="checkbox"
        />
        <span>
          bar
        </span>
      </div>
    </li>
    <li>
      <div>
        <input
          checked={false}
          onClick={[Function]}
          type="checkbox"
        />
        <span>
          baz
        </span>
      </div>
    </li>
  </ul>
</div>
`;
